[21:22:40] [main/INFO] (FabricLoader/GameProvider) Loading Minecraft 1.21.1 with Fabric Loader 0.19.3
[21:22:40] [main/INFO] (FabricLoader) Loading 59 mods:
	- fabric-api 0.116.15+1.21.1
	- fabric-api-base 0.4.42+6573ed8c19
	- fabric-api-lookup-api-v1 1.6.72+7b3d111d19
	- fabric-biome-api-v1 13.0.31+d527f9fd19
	- fabric-block-api-v1 1.1.0+0bc3503219
	- fabric-block-view-api-v2 1.0.11+ebb2264e19
	- fabric-blockrenderlayer-v1 1.1.52+0af3f5a719
	- fabric-client-tags-api-v1 1.2.0+1eb36c0719
	- fabric-command-api-v1 1.2.49+f71b366f19
	- fabric-command-api-v2 2.2.28+6ced4dd919
	- fabric-commands-v0 0.2.66+df3654b319
	- fabric-content-registries-v0 8.0.19+b559734419
	- fabric-convention-tags-v1 2.1.7+7f945d5b19
	- fabric-convention-tags-v2 2.12.0+c3656daa19
	- fabric-crash-report-info-v1 0.2.29+0af3f5a719
	- fabric-data-attachment-api-v1 1.4.7+5b36e0f719
	- fabric-data-generation-api-v1 20.3.0+1eb36c0719
	- fabric-dimensions-v1 4.0.1+65213ef819
	- fabric-entity-events-v1 1.8.0+2b27e0a419
	- fabric-events-interaction-v0 0.7.14+ba9dae0619
	- fabric-game-rule-api-v1 1.0.53+6ced4dd919
	- fabric-gametest-api-v1 2.0.5+6fc22b9919
	- fabric-item-api-v1 11.3.0+467044f319
	- fabric-item-group-api-v1 4.1.7+def88e3a19
	- fabric-key-binding-api-v1 1.0.47+0af3f5a719
	- fabric-keybindings-v0 0.2.45+df3654b319
	- fabric-lifecycle-events-v1 2.6.0+0865547519
	- fabric-loot-api-v2 3.0.15+3f89f5a519
	- fabric-loot-api-v3 1.0.3+3f89f5a519
	- fabric-message-api-v1 6.0.14+8aaf3aca19
	- fabric-model-loading-api-v1 2.1.0+b4d813fc19
	- fabric-networking-api-v1 4.3.1+d30f6a7919
	- fabric-object-builder-api-v1 15.2.1+40875a9319
	- fabric-particles-v1 4.0.2+6573ed8c19
	- fabric-recipe-api-v1 5.0.16+2475392c19
	- fabric-registry-sync-v0 5.3.2+e3eddc2119
	- fabric-renderer-api-v1 3.4.1+b4d813fc19
	- fabric-renderer-indigo 1.7.1+c705a49c19
	- fabric-renderer-registries-v1 3.2.69+df3654b319
	- fabric-rendering-data-attachment-v1 0.3.49+73761d2e19
	- fabric-rendering-fluids-v1 3.1.6+1daea21519
	- fabric-rendering-v0 1.1.72+df3654b319
	- fabric-rendering-v1 5.1.0+ab4c25a019
	- fabric-resource-conditions-api-v1 4.3.0+8dc279b119
	- fabric-resource-loader-v0 1.3.1+5b5275af19
	- fabric-screen-api-v1 2.0.26+639b4c0719
	- fabric-screen-handler-api-v1 1.3.91+b559734419
	- fabric-sound-api-v1 1.0.23+6573ed8c19
	- fabric-tag-api-v1 1.3.0+1eb36c0719
	- fabric-transfer-api-v1 5.4.4+7b3d111d19
	- fabric-transitive-access-wideners-v1 6.2.0+45b9699719
	- fabricloader 0.19.3
	- ias 9.0.7+1.21.1-fabric
	- java 21
	- minecraft 1.21.1
	- mixinextras 0.5.4
	- modmenu 11.0.4
	- placeholder-api 2.4.2+1.21
	- stafftools 1.0-SNAP
[21:22:43] [main/INFO] (FabricLoader/Mixin) SpongePowered MIXIN Subsystem Version=0.8.7 Source=file:/C:/Users/%d0%9f%d0%be%d0%bb%d1%8c%d0%b7%d0%be%d0%b2%d0%b0%d1%82%d0%b5%d0%bb%d1%8c/.gradle/caches/modules-2/files-2.1/net.fabricmc/sponge-mixin/0.17.3+mixin.0.8.7/41c4a3984a80f4679e759fb9f495587acc5cdac7/sponge-mixin-0.17.3+mixin.0.8.7.jar Service=Knot/Fabric Env=CLIENT
[21:22:44] [main/INFO] (FabricLoader/Mixin) Loaded Fabric development mappings for mixin remapper!
[21:22:44] [main/INFO] (FabricLoader/Mixin) Compatibility level set to JAVA_17
[21:22:44] [main/INFO] (FabricLoader/Mixin) Compatibility level set to JAVA_21
[21:22:45] [main/INFO] (FabricLoader/MixinExtras|Service) Initializing MixinExtras via com.llamalad7.mixinextras.service.MixinExtrasServiceImpl(version=0.5.4).
[21:22:46] [Datafixer Bootstrap/INFO] (Minecraft) 226 Datafixer optimizations took 346 milliseconds
[21:22:50] [Render thread/INFO] (Minecraft) Environment: Environment[sessionHost=https://sessionserver.mojang.com, servicesHost=https://api.minecraftservices.com, name=PROD]
[21:22:50] [Render thread/INFO] (Minecraft) Setting user: Player746
[21:22:51] [Render thread/INFO] (Mod Menu/Update Checker) Checking mod updates...
[21:22:51] [Render thread/INFO] (Indigo) [Indigo] Registering Indigo renderer!
[21:22:51] [Render thread/INFO] (IAS/IASMinecraft) IAS: Booting up... (version: 9.0.7+1.21.1-fabric, loader: Fabric, loader version: 0.19.3, game version: 1.21.1)
[21:22:51] [Render thread/INFO] (IAS) IAS: Initializing IAS...
[21:22:51] [Render thread/INFO] (IAS) IAS: IAS has been loaded.
[21:22:51] [Render thread/INFO] (Minecraft) Backend library: LWJGL version 3.3.3-snapshot
[21:22:52] [Render thread/INFO] (Minecraft) Reloading ResourceManager: vanilla, fabric, fabric-api, fabric-api-base, fabric-api-lookup-api-v1, fabric-biome-api-v1, fabric-block-api-v1, fabric-block-view-api-v2, fabric-blockrenderlayer-v1, fabric-client-tags-api-v1, fabric-command-api-v1, fabric-command-api-v2, fabric-commands-v0, fabric-content-registries-v0, fabric-convention-tags-v1, fabric-convention-tags-v2, fabric-crash-report-info-v1, fabric-data-attachment-api-v1, fabric-data-generation-api-v1, fabric-dimensions-v1, fabric-entity-events-v1, fabric-events-interaction-v0, fabric-game-rule-api-v1, fabric-gametest-api-v1, fabric-item-api-v1, fabric-item-group-api-v1, fabric-key-binding-api-v1, fabric-keybindings-v0, fabric-lifecycle-events-v1, fabric-loot-api-v2, fabric-loot-api-v3, fabric-message-api-v1, fabric-model-loading-api-v1, fabric-networking-api-v1, fabric-object-builder-api-v1, fabric-particles-v1, fabric-recipe-api-v1, fabric-registry-sync-v0, fabric-renderer-api-v1, fabric-renderer-indigo, fabric-renderer-registries-v1, fabric-rendering-data-attachment-v1, fabric-rendering-fluids-v1, fabric-rendering-v0, fabric-rendering-v1, fabric-resource-conditions-api-v1, fabric-resource-loader-v0, fabric-screen-api-v1, fabric-screen-handler-api-v1, fabric-sound-api-v1, fabric-tag-api-v1, fabric-transfer-api-v1, fabric-transitive-access-wideners-v1, fabricloader, ias, modmenu, placeholder-api
[21:22:52] [Worker-Main-4/INFO] (Minecraft) Found unifont_all_no_pua-15.1.05.hex, loading
[21:22:52] [Worker-Main-1/INFO] (Minecraft) Found unifont_jp_patch-15.1.05.hex, loading
[21:22:53] [Render thread/WARN] (Minecraft) Missing sound for event: minecraft:item.goat_horn.play
[21:22:53] [Render thread/WARN] (Minecraft) Missing sound for event: minecraft:entity.goat.screaming.horn_break
[21:22:54] [Render thread/INFO] (Minecraft) OpenAL initialized on device OpenAL Soft on Наушники (Nothing Ear (a))
[21:22:54] [Render thread/INFO] (Minecraft) Sound engine started
[21:22:54] [Render thread/INFO] (Minecraft) Created: 1024x512x0 minecraft:textures/atlas/blocks.png-atlas
[21:22:54] [Render thread/INFO] (Minecraft) Created: 256x256x0 minecraft:textures/atlas/signs.png-atlas
[21:22:54] [Render thread/INFO] (Minecraft) Created: 512x512x0 minecraft:textures/atlas/shield_patterns.png-atlas
[21:22:54] [Render thread/INFO] (Minecraft) Created: 512x512x0 minecraft:textures/atlas/banner_patterns.png-atlas
[21:22:54] [Render thread/INFO] (Minecraft) Created: 1024x1024x0 minecraft:textures/atlas/armor_trims.png-atlas
[21:22:54] [Render thread/INFO] (Minecraft) Created: 128x64x0 minecraft:textures/atlas/decorated_pot.png-atlas
[21:22:54] [Render thread/INFO] (Minecraft) Created: 256x256x0 minecraft:textures/atlas/chest.png-atlas
[21:22:54] [Render thread/INFO] (Minecraft) Created: 512x256x0 minecraft:textures/atlas/shulker_boxes.png-atlas
[21:22:54] [Render thread/INFO] (Minecraft) Created: 512x256x0 minecraft:textures/atlas/beds.png-atlas
[21:22:55] [Render thread/INFO] (Minecraft) Created: 512x256x0 minecraft:textures/atlas/particles.png-atlas
[21:22:55] [Render thread/INFO] (Minecraft) Created: 512x256x0 minecraft:textures/atlas/paintings.png-atlas
[21:22:55] [Render thread/INFO] (Minecraft) Created: 256x128x0 minecraft:textures/atlas/mob_effects.png-atlas
[21:22:55] [Render thread/INFO] (Minecraft) Created: 64x64x0 minecraft:textures/atlas/map_decorations.png-atlas
[21:22:55] [Render thread/INFO] (Minecraft) Created: 1024x512x0 minecraft:textures/atlas/gui.png-atlas
[21:22:55] [Render thread/WARN] (Minecraft) Shader rendertype_entity_translucent_emissive could not find sampler named Sampler2 in the specified shader program.
[21:23:40] [Render thread/INFO] (IAS/IASMinecraft) IAS: Received login request: LoginData{name='uwdie', uuid=c77ee886-9cc2-36bf-8e8e-7c124b270e04, token=[TOKEN], online=false}
[21:23:40] [IAS/INFO] (IAS/IASMinecraft) IAS: Creating user...
[21:23:40] [IAS/INFO] (Minecraft) Environment: Environment[sessionHost=https://sessionserver.mojang.com, servicesHost=https://api.minecraftservices.com, name=PROD]
[21:23:40] [Render thread/INFO] (IAS/IASMinecraft) IAS: Flushing user...
[21:23:40] [Render thread/INFO] (IAS/IASMinecraft) IAS: Flushed user.
[21:23:45] [Render thread/INFO] (Minecraft) Connecting to 5.83.140.205, 25651
[21:23:47] [Render thread/INFO] (Minecraft) [System] [CHAT] Grim » Alerts enabled
[21:23:47] [Render thread/INFO] (Minecraft) [System] [CHAT] Grim » Verbose enabled
[21:23:47] [Render thread/INFO] (Minecraft) [System] [CHAT] Grim » Brands enabled
[21:23:47] [Render thread/INFO] (Minecraft) [System] [CHAT] (FAWE) An update for FastAsyncWorldEdit is available. You are 283 build(s) behind.\nYou are running build 1089, the latest build is 1372.\nUpdate at https://ci.athion.net/job/FastAsyncWorldEdit
[21:23:47] [Render thread/INFO] (Minecraft) [System] [CHAT] (FAWE) A new release for FastAsyncWorldEdit is available: 2.15.4. You are currently on 2.13.1. Download from Modrinth, Hangar or SpigotMC.
[21:23:47] [Render thread/INFO] (Minecraft) [System] [CHAT] An update for PlaceholderAPI (PlaceholderAPI v2.12.3)
[21:23:47] [Render thread/INFO] (Minecraft) [System] [CHAT] is available at https://www.spigotmc.org/resources/placeholderapi.6245/
[21:23:47] [Render thread/WARN] (Minecraft) Ignoring player info update for unknown player c77ee886-9cc2-36bf-8e8e-7c124b270e04 ([UPDATE_DISPLAY_NAME])
[21:23:47] [Render thread/INFO] (Minecraft) [System] [CHAT] ⚠ Вы используете пиратский Minecraft. TLauncher и SKLauncher мешают отображению скинов SkinsRestorer. Вы можете проигнорировать это сообщение, если используете безопасный лаунчер, например Prism, или уже исправили эту проблему. Чтобы узнать, как это исправить, посетите эту страницу: https://skinsrestorer.net/docs/troubleshooting/launcher-issues [игнорировать]
[21:23:47] [Render thread/INFO] (Minecraft) [System] [CHAT] → ᴀᴅᴍɪɴ sosal ᴀʀᴛᴇʀʏ
[21:23:47] [Render thread/INFO] (Minecraft) [System] [CHAT] ══════════════════════════════
[21:23:47] [Render thread/INFO] (Minecraft) [System] [CHAT]      Привет, sosal!
[21:23:47] [Render thread/INFO] (Minecraft) [System] [CHAT]      Ты на [ᴏɴɪꜱʟᴀɴᴅ] — место твоих приключений!
[21:23:47] [Render thread/INFO] (Minecraft) [System] [CHAT]      Начни с /menu и создавай историю!
[21:23:47] [Render thread/INFO] (Minecraft) [System] [CHAT] 
[21:23:47] [Render thread/INFO] (Minecraft) [System] [CHAT]      Наши контакты:
[21:23:47] [Render thread/INFO] (Minecraft) [System] [CHAT]      □ Discord: discord.gg/example
[21:23:47] [Render thread/INFO] (Minecraft) [System] [CHAT]      □ Telegram: t.me/example
[21:23:47] [Render thread/INFO] (Minecraft) [System] [CHAT]      □ ВКонтакте: vk.com/example
[21:23:47] [Render thread/INFO] (Minecraft) [System] [CHAT]      Присоединяйся к нашему сообществу!
[21:23:47] [Render thread/INFO] (Minecraft) [System] [CHAT] ══════════════════════════════
[21:23:47] [Render thread/INFO] (Minecraft) [System] [CHAT] You have no new mail.
[21:23:47] [Render thread/INFO] (Minecraft) Loaded 744 advancements
[21:23:47] [Render thread/INFO] (Minecraft) [System] [CHAT] Update checking disabled in config.
[21:23:47] [Render thread/INFO] (Minecraft) [System] [CHAT] [sCheckPlayer] - Доступна новая версия плагина: 4.9. Ваша текущая версия: 4.4.
[21:23:47] [Render thread/INFO] (Minecraft) [System] [CHAT] [sCheckPlayer] - Вы можете скачать её по ссылке: https://black-minecraft.com/resources/scheckplayer.4418/updates
[21:23:47] [Render thread/INFO] (Minecraft) [System] [CHAT] [ViaVersion] There is a newer plugin version available: 5.11.0, you're on: 5.3.2
[21:24:03] [Render thread/INFO] (Minecraft) [System] [CHAT] ʟ ┃ ꜱᴛᴀꜰꜰ ┃ ᴀᴅᴍɪɴ sosal ᴀʀᴛᴇʀʏ » Я ПИДАРАС
[21:24:03] [Render thread/INFO] (Minecraft) [System] [CHAT] ⁉ Тебя никто не услышал
[21:25:45] [Render thread/INFO] (Minecraft) [System] [CHAT] Игрок uwdie получил  верменный мут от uwdie на 30 мин.
[21:25:45] [Render thread/INFO] (Minecraft) [System] [CHAT] По причине: flood
[21:25:45] [Render thread/INFO] (Minecraft) [System] [CHAT] Вы получили мут от uwdie До окончания: 30 мин.
[21:25:45] [Render thread/INFO] (Minecraft) [System] [CHAT] По причине: flood
[21:26:29] [Render thread/WARN] (Minecraft) Client disconnected with reason: Отключение
[21:30:24] [Render thread/INFO] (Minecraft) Connecting to mineblaze.net, 25565
[21:30:25] [Netty Client IO #5/WARN] (Minecraft) Unknown feature flag: minecraft:winter_drop
[21:30:25] [Render thread/WARN] (Minecraft) Not all defined tags for registry ResourceKey[minecraft:root / minecraft:item] are present in data pack: minecraft:enchantable/sword, minecraft:music_discs, minecraft:trim_templates
[21:30:25] [Render thread/WARN] (Minecraft) Not all defined tags for registry ResourceKey[minecraft:root / minecraft:block] are present in data pack: minecraft:dead_bush_may_place_on, minecraft:snow_layer_can_survive_on, minecraft:snow_layer_cannot_survive_on
[21:30:25] [Render thread/INFO] (Minecraft) [System] [CHAT] §8§m                                \n§c§lВажно для вашей безопасности!!! \n§a§lПривяжите аккаунт к соц. сети командой:\n\n§a§l▪ §fВКонтакте §8- §a§l/2fa addvk\n§a§l▪ §fТелеграм §8- §a§l/2fa addtg\n\n§7Для чего это нужно (Наведи мышкой)\n§8§m                               
[21:30:25] [Render thread/INFO] (Minecraft) Loaded 2 advancements
[21:30:27] [Render thread/WARN] (Minecraft) Ignoring player info update for unknown player 1403dbe2-b3c1-38c6-b8d8-cf710718183a ([])
[21:30:30] [Netty Client IO #5/WARN] (Minecraft) Unknown feature flag: minecraft:winter_drop
[21:30:30] [Render thread/WARN] (Minecraft) Not all defined tags for registry ResourceKey[minecraft:root / minecraft:item] are present in data pack: minecraft:enchantable/sword, minecraft:music_discs, minecraft:trim_templates
[21:30:30] [Render thread/WARN] (Minecraft) Not all defined tags for registry ResourceKey[minecraft:root / minecraft:block] are present in data pack: minecraft:dead_bush_may_place_on, minecraft:snow_layer_can_survive_on, minecraft:snow_layer_cannot_survive_on
[21:30:31] [Render thread/INFO] (Minecraft) [System] [CHAT] ▄▄▄▄▄▄▄▄▄▄▄▄▄▄▄▄▄▄▄▄▄▄▄▄▄▄▄▄▄▄▄▄▄▄▄
[21:30:31] [Render thread/INFO] (Minecraft) [System] [CHAT] 
[21:30:31] [Render thread/INFO] (Minecraft) [System] [CHAT]          Добро пожаловать на сервер ＭｉｎｅＢｌａｚｅ
[21:30:31] [Render thread/INFO] (Minecraft) [System] [CHAT]            Получить КРУТОЙ вертолет бесплатно: /air
[21:30:31] [Render thread/INFO] (Minecraft) [System] [CHAT] 
[21:30:31] [Render thread/INFO] (Minecraft) [System] [CHAT]           Донат навсегда и после вайпа сохраняется!
[21:30:31] [Render thread/INFO] (Minecraft) [System] [CHAT]          Донат покупать на сайте www.MineBlaze.net
[21:30:31] [Render thread/INFO] (Minecraft) [System] [CHAT] ▄▄▄▄▄▄▄▄▄▄▄▄▄▄▄▄▄▄▄▄▄▄▄▄▄▄▄▄▄▄▄▄▄▄▄
[21:30:31] [Render thread/INFO] (Minecraft) Loaded 2 advancements
[21:30:40] [Render thread/INFO] (Minecraft) [System] [CHAT] Chat Game » Решите пример: 237 - 29. Ответ напишите в чат. Награда: 5000$
[21:30:41] [Render thread/INFO] (Minecraft) [System] [CHAT] Chat Game » Победил игрок: _____________sKY. Правильный ответ: 208
[21:30:41] [Render thread/INFO] (Minecraft) [System] [CHAT] [ɢ]  MoonBright [Владелец]§x§x§x§x§x§x§x§r _____________sKY  → (208)
[21:30:53] [Render thread/INFO] (Minecraft) [System] [CHAT] АвтоШахта » Шахта обновлена, телепортироваться - /warp mine
[21:31:01] [Render thread/INFO] (Minecraft) [System] [CHAT] • Игрок [Хелпер] maaksimhadie зашел на сервер.
[21:31:09] [Render thread/INFO] (Minecraft) [System] [CHAT] • Игрок [Блейз] Lusa555j зашел на сервер.
[21:31:21] [Render thread/INFO] (Minecraft) [System] [CHAT] • Игрок [Блейз] Mister_xd зашел на сервер.
[21:31:27] [Render thread/INFO] (Minecraft) [System] [CHAT] • Игрок йогурᴛ-ᴅᴀɴᴏɴ§x§x§x§x§x§x§x dAnsTarT §fпришёл. Кина не будет.
[21:31:28] [Render thread/INFO] (Minecraft) [System] [CHAT] [ʟ] ❤ [Xeakwe] [Энигма] ~~Pontifik_CRU  → Ушёл
[21:31:43] [Render thread/INFO] (Minecraft) [System] [CHAT] • Игрок [Блейз] Lusa555j зашел на сервер.
[21:32:08] [Render thread/INFO] (Minecraft) [System] [CHAT] Дуэли ▸ Игрок Schizophrenic313 победил kevinbobo111 за 02:44 минут с набором Булава PvP (Скрыть: /duel msg)
[21:32:08] [Render thread/INFO] (Minecraft) [System] [CHAT] • Игрок [Император] Schizophrenic313 зашел на сервер.
[21:32:13] [Render thread/INFO] (Minecraft) [System] [CHAT] \n ■ Хотите увеличить дальность видимости мира?\n ■ Используйте для этого команду /vd\n
[21:35:07] [Render thread/WARN] (Mod Menu | FabricMod) Warning! Mod stafftools has a broken icon, loading default icon
[21:35:17] [Render thread/INFO] (Minecraft) Stopping!
[21:35:17] [Render thread/INFO] (IAS) IAS: Closing IAS...
[21:35:17] [Render thread/INFO] (IAS) IAS: Shutting down IAS executor...
[21:35:17] [Render thread/INFO] (IAS) IAS: IAS executor shut down.
[21:35:17] [Render thread/INFO] (IAS) IAS: IAS has been unloaded.
